// Jest Snapshot v1, https://goo.gl/fbAQLP

exports[`<ListWithLoadMore /> should render and match the snapshot with call LoadMore 1`] = `
<div
  class="ant-list ant-list-split demo-loadmore-list"
>
  <div
    class="ant-spin-nested-loading"
  >
    <div
      class="ant-spin-container"
    >
      <ul
        class="ant-list-items"
      >
        <li
          class="ant-list-item"
        >
          <div
            class="ant-skeleton ant-skeleton-with-avatar ant-skeleton-active"
          >
            <div
              class="ant-skeleton-header"
            >
              <span
                class="ant-skeleton-avatar ant-skeleton-avatar-lg ant-skeleton-avatar-circle"
              />
            </div>
            <div
              class="ant-skeleton-content"
            >
              <ul
                class="ant-skeleton-paragraph"
              >
                <li />
                <li
                  style="width: 61%;"
                />
              </ul>
            </div>
          </div>
        </li>
        <li
          class="ant-list-item"
        >
          <div
            class="ant-skeleton ant-skeleton-with-avatar ant-skeleton-active"
          >
            <div
              class="ant-skeleton-header"
            >
              <span
                class="ant-skeleton-avatar ant-skeleton-avatar-lg ant-skeleton-avatar-circle"
              />
            </div>
            <div
              class="ant-skeleton-content"
            >
              <ul
                class="ant-skeleton-paragraph"
              >
                <li />
                <li
                  style="width: 61%;"
                />
              </ul>
            </div>
          </div>
        </li>
        <li
          class="ant-list-item"
        >
          <div
            class="ant-skeleton ant-skeleton-with-avatar ant-skeleton-active"
          >
            <div
              class="ant-skeleton-header"
            >
              <span
                class="ant-skeleton-avatar ant-skeleton-avatar-lg ant-skeleton-avatar-circle"
              />
            </div>
            <div
              class="ant-skeleton-content"
            >
              <ul
                class="ant-skeleton-paragraph"
              >
                <li />
                <li
                  style="width: 61%;"
                />
              </ul>
            </div>
          </div>
        </li>
      </ul>
    </div>
  </div>
</div>
`;
