// Jest Snapshot v1, https://goo.gl/fbAQLP

exports[`<HomePage /> should render and match the snapshot 1`] = `
.c2 {
  color: black;
  margin-left: 0.4em;
}

.c1 {
  margin-bottom: 1em;
}

.c3 {
  outline: none;
  border: none;
  border-bottom: 1px dotted #999;
  background-color: transparent;
}

.c0 {
  margin: 3em auto;
}

.c0:first-child {
  margin-top: 0;
}

<article>
  <div>
    <section
      class="c0"
    >
      <h2>
        Try me!
      </h2>
      <form
        class="c1"
      >
        <label
          for="username"
        >
          Show Github repositories by
          <span
            class="c2"
          >
            @
          </span>
          <input
            class="c3"
            id="username"
            placeholder="mxstbr"
            type="text"
            value=""
          />
        </label>
      </form>
    </section>
  </div>
</article>
`;
