// Jest Snapshot v1, https://goo.gl/fbAQLP

exports[`getRepos Saga should call the repoLoadingError action if the response errors 1`] = `
{
  "@@redux-saga/IO": true,
  "combinator": false,
  "payload": {
    "args": [],
    "selector": [Function],
  },
  "type": "SELECT",
}
`;

exports[`getRepos Saga should call the repoLoadingError action if the response errors 2`] = `
{
  "@@redux-saga/IO": true,
  "combinator": false,
  "payload": {
    "args": [
      "https://api.github.com/users/mxstbr/repos?type=all&sort=updated",
      {
        "headers": {},
        "method": "GET",
      },
    ],
    "context": null,
    "fn": [Function],
  },
  "type": "CALL",
}
`;

exports[`getRepos Saga should dispatch the reposLoaded action if it requests the data successfully 1`] = `
{
  "@@redux-saga/IO": true,
  "combinator": false,
  "payload": {
    "args": [],
    "selector": [Function],
  },
  "type": "SELECT",
}
`;

exports[`getRepos Saga should dispatch the reposLoaded action if it requests the data successfully 2`] = `
{
  "@@redux-saga/IO": true,
  "combinator": false,
  "payload": {
    "args": [
      "https://api.github.com/users/mxstbr/repos?type=all&sort=updated",
      {
        "headers": {},
        "method": "GET",
      },
    ],
    "context": null,
    "fn": [Function],
  },
  "type": "CALL",
}
`;
